============================= test session starts =============================
platform win32 -- Python 3.12.3, pytest-7.4.0, pluggy-1.6.0 -- C:\Users\Palguna\Python\python.exe
cachedir: .pytest_cache
rootdir: E:\MP\backend
plugins: anyio-3.7.1, asyncio-0.21.1, cov-4.1.0
asyncio: mode=Mode.STRICT
collecting ... collected 3 items

tests/test_api_general.py::test_health_check FAILED                      [ 33%]
tests/test_api_general.py::test_auth_redirect FAILED                     [ 66%]
tests/test_issue_service.py::test_issue_service_list_issues FAILED       [100%]

================================== FAILURES ===================================
______________________________ test_health_check ______________________________

client = <async_generator object client at 0x000001EB034E33E0>

    @pytest.mark.asyncio
    async def test_health_check(client: AsyncClient):
        # Depending on if we have a root endpoint, strictly we have app mount at /api/v1
        # Often docs are at /api/v1/docs
>       resp = await client.get("/api/v1/docs")
E       AttributeError: 'async_generator' object has no attribute 'get'

tests\test_api_general.py:8: AttributeError
_____________________________ test_auth_redirect ______________________________

client = <async_generator object client at 0x000001EB034E3680>

    @pytest.mark.asyncio
    async def test_auth_redirect(client: AsyncClient):
>       resp = await client.get("/api/v1/auth/github/login", follow_redirects=False)
E       AttributeError: 'async_generator' object has no attribute 'get'

tests\test_api_general.py:13: AttributeError
_______________________ test_issue_service_list_issues ________________________

    @pytest.mark.asyncio
    async def test_issue_service_list_issues():
        # Mock GitHub Service
        with patch("app.services.issue_service.github_service") as mock_gh:
            mock_gh.fetch_issues = AsyncMock(return_value=[
                {"number": 1, "title": "Test Issue", "created_at": "2023-01-01T00:00:00Z", "updated_at": "2023-01-01T00:00:00Z", "html_url": "http://github.com/o/r/issues/1"}
            ])
    
            # Mock Repo lookup
            with patch("app.models.repo.Repo.find_one") as mock_repo_find:
                mock_repo_find.return_value = AsyncMock() # awaitable
                mock_repo_find.return_value.id = "64f1c9d8e4b0d1e2f3a4b5c6"
    
                service = IssueService()
>               user = User(login="test", access_token="encrypted", managed_repos=[])

tests\test_issue_service.py:20: 
_ _ _ _ _ _ _ _ _ _ _ _ _ _ _ _ _ _ _ _ _ _ _ _ _ _ _ _ _ _ _ _ _ _ _ _ _ _ _ _
C:\Users\Palguna\Python\Lib\site-packages\beanie\odm\documents.py:209: in __init__
    self.get_motor_collection()
C:\Users\Palguna\Python\Lib\site-packages\beanie\odm\interfaces\getters.py:16: in get_motor_collection
    return cls.get_settings().motor_collection
_ _ _ _ _ _ _ _ _ _ _ _ _ _ _ _ _ _ _ _ _ _ _ _ _ _ _ _ _ _ _ _ _ _ _ _ _ _ _ _

cls = <class 'app.models.user.User'>

    @classmethod
    def get_settings(cls) -> DocumentSettings:
        """
        Get document settings, which was created on
        the initialization step
    
        :return: DocumentSettings class
        """
        if cls._document_settings is None:
>           raise CollectionWasNotInitialized
E           beanie.exceptions.CollectionWasNotInitialized

C:\Users\Palguna\Python\Lib\site-packages\beanie\odm\documents.py:1108: CollectionWasNotInitialized
============================== warnings summary ===============================
C:\Users\Palguna\Python\Lib\site-packages\pydantic\_internal\_config.py:291
  C:\Users\Palguna\Python\Lib\site-packages\pydantic\_internal\_config.py:291: PydanticDeprecatedSince20: Support for class-based `config` is deprecated, use ConfigDict instead. Deprecated in Pydantic V2.0 to be removed in V3.0. See Pydantic V2 Migration Guide at https://errors.pydantic.dev/2.9/migration/
    warnings.warn(DEPRECATION_MESSAGE, DeprecationWarning)

tests/test_issue_service.py::test_issue_service_list_issues
tests/test_issue_service.py::test_issue_service_list_issues
  C:\Users\Palguna\Python\Lib\site-packages\pydantic\main.py:211: DeprecationWarning: datetime.datetime.utcnow() is deprecated and scheduled for removal in a future version. Use timezone-aware objects to represent datetimes in UTC: datetime.datetime.now(datetime.UTC).
    validated_self = self.__pydantic_validator__.validate_python(data, self_instance=self)

-- Docs: https://docs.pytest.org/en/stable/how-to/capture-warnings.html
=========================== short test summary info ===========================
FAILED tests/test_api_general.py::test_health_check - AttributeError: 'async_...
FAILED tests/test_api_general.py::test_auth_redirect - AttributeError: 'async...
FAILED tests/test_issue_service.py::test_issue_service_list_issues - beanie.e...
======================== 3 failed, 3 warnings in 0.59s ========================
